// Jest Snapshot v1, https://goo.gl/fbAQLP

exports[`SearchPage Should render the basic snapshot view 1`] = `
<div
  class="github-search"
  data-testid="search-page"
>
  <h2>
    GitHub Repository Search
  </h2>
  <div
    class="github-search__toolbar"
  >
    <div
      class="github-search__sortby"
      data-testid="sortby-field"
    >
      <label
        for="sortby"
      >
        Sort by:
      </label>
      <select
        data-testid="sortby-list"
        name="sortby"
      >
        <option
          value=""
        >
          Best match
        </option>
        <option
          value="stars"
        >
          Stars
        </option>
      </select>
    </div>
    <div
      class="github-search__language"
      data-testid="search-language"
    >
      <label
        for="language"
      >
        Language:
      </label>
      <select
        data-testid="language-list"
        name="language"
      >
        <option
          value="c"
        >
          C
        </option>
        <option
          value="c#"
        >
          C#
        </option>
        <option
          value="java"
        >
          Java
        </option>
        <option
          value="javascript"
        >
          JavaScript
        </option>
        <option
          value="php"
        >
          PhP
        </option>
        <option
          value="python"
        >
          Python
        </option>
        <option
          value="ruby"
        >
          Ruby
        </option>
        <option
          value="shell"
        >
          Shell
        </option>
        <option
          value="typescript"
        >
          TypeScript
        </option>
      </select>
    </div>
  </div>
  <div
    class="github-search__sticky-header"
  >
    <input
      class="github-search__keyword"
      data-testid="search-field"
      type="text"
      value=""
    />
    <div
      class="github-search__count"
    >
      <span>
        Total: 0
      </span>
      <span>
        15/page
      </span>
    </div>
  </div>
  <div
    class="github-search-result"
    data-testid="search-result"
  >
    <div>
      Please enter a keyword!
    </div>
  </div>
  <div
    class="github-search__sticky-footer"
  >
    <div
      class="pagination"
      data-testid="pagination"
    >
      <button
        class="pagination-left"
        data-testid="pagination-left"
        disabled=""
      >
        &lt;
      </button>
      <button
        class="pagination-right"
        data-testid="pagination-right"
        disabled=""
      >
        &gt;
      </button>
    </div>
  </div>
</div>
`;
