// Jest Snapshot v1, https://goo.gl/fbAQLP

exports[`SortbyField Should render the default snapshot view 1`] = `
<div
  class="github-search__sortby"
  data-testid="sortby-field"
>
  <label
    for="sortby"
  >
    Sort by:
  </label>
  <select
    data-testid="sortby-list"
    name="sortby"
  >
    <option
      value=""
    >
      Best match
    </option>
    <option
      value="stars"
    >
      Stars
    </option>
  </select>
</div>
`;
